// Jest Snapshot v1, https://goo.gl/fbAQLP

exports[`RadPageComponent Standard 1`] = `
<div
  breadcrumb={
    Array [
      Object {
        "link": "/rad",
        "title": "Rad Home",
      },
      Object {
        "link": "/rad/project",
        "title": "AIRAC amendments",
      },
      Object {
        "link": "/rad/rs",
        "title": "Restrictions",
      },
      Object {
        "link": "/rad/az",
        "title": "Aerodrome sets",
      },
    ]
  }
  title="RAD"
>
  <RadRoutingComponent
    location={
      Object {
        "pathname": "/rad/query",
      }
    }
    match={
      Object {
        "path": "/rad",
      }
    }
  />
</div>
`;
